#-----------------------------------------------------------
# Vivado v2018.3 (64-bit)
# SW Build 2405991 on Thu Dec  6 23:38:27 MST 2018
# IP Build 2404404 on Fri Dec  7 01:43:56 MST 2018
# Start of session at: Fri Jul  9 11:29:26 2021
# Process ID: 11236
# Current directory: D:/计算机设计与实践/CompDesignAndPractise
# Command line: vivado.exe -gui_launcher_event rodinguilauncherevent11212 D:\计算机设计与实践\CompDesignAndPractise\CompDesignAndPractise.xpr
# Log file: D:/计算机设计与实践/CompDesignAndPractise/vivado.log
# Journal file: D:/计算机设计与实践/CompDesignAndPractise\vivado.jou
#-----------------------------------------------------------
start_gui
open_project D:/计算机设计与实践/CompDesignAndPractise/CompDesignAndPractise.xpr
update_compile_order -fileset sources_1
# Disabling source management mode.  This is to allow the top design properties to be set without GUI intervention.
set_property source_mgmt_mode None [current_project]
set_property top top [current_fileset]
# Re-enabling previously disabled source management mode.
set_property source_mgmt_mode All [current_project]
update_compile_order -fileset sources_1
